Building raw 40m day-path table for months [1, 2, 5, 6, 7, 8] (2023 baseline)...
Total day-path spots loaded: 21,428,202

======================================================================
STEP 1: Reproduce bimodal SNR distribution (Report Fig 15)
======================================================================
dist_bucket           season       n  es_fraction  median_snr
     500-1k summer (May-Aug) 5211262     0.154932       -16.0
     500-1k winter (Jan-Feb) 2086074     0.198959       -14.0
      1k-2k summer (May-Aug) 1604329     0.059940       -20.0
      1k-2k winter (Jan-Feb)  604754     0.060243       -19.0
      2k-4k summer (May-Aug)   93198     0.024142       -22.0
      2k-4k winter (Jan-Feb)   29303     0.041088       -21.0

======================================================================
STEP 2: Monthly Es fraction - day-count/sampling scrutiny
======================================================================

Per-month Es fraction (500-2k km, day SZA<80, 2023 summer):
 month       n  n_days  es_fraction
     5 1835747       7     0.143844
     6 1722628       7     0.111692
     7 1552037       7     0.126686
     8 1705179       7     0.146884

June 2023 day-by-day breakdown:
      date      n  es_fraction  fobs  kp_mean
2023-06-19 249614     0.110298 168.8 2.354865
2023-06-20 224270     0.107112 180.1 1.885250
2023-06-21 228900     0.099480 176.4 1.279583
2023-06-22 237487     0.103980 173.2 2.287890
2023-06-23 256093     0.110151 169.7 2.094915
2023-06-24 273129     0.126611 160.8 2.972226
2023-06-25 253135     0.120864 154.8 2.441288

Mean F10.7 / Kp by month (summer weeks actually sampled):
 month  fobs_mean  kp_mean
     5 149.977247 1.651123
     6 168.695738 2.213550
     7 183.371220 1.968339
     8 144.386028 1.432095

======================================================================
STEP 3: Diurnal pattern held fixed per month
======================================================================

Es fraction by month x hour (sample sizes):
month       5       6       7       8
hour                                 
0       15990   19248   17894   22746
1       16893   21221   21629   19668
2        2816    9258    8089     170
3         665    1576     476      17
4       24823   43178   15342     954
5      150182  135154  110981   36297
6      140065  122719  110336  143129
7      100151   97700   87050  120703
8       78951   77370   68213   90487
9       69442   64120   56511   76144
10      59253   65445   54047   62035
11     100043   95132   79236   79169
12     105239   96311   89048  109682
13     119523  102370   94570  114724
14     130274  107419  108275  141045
15     137119  111302  108449  153124
16     149566  122481  125874  162952
17     155073  130382  134531  107873
18      58171   89174   73422   36198
19      31989   30138   26759   36848
20      33406   31150   28598   42087
21      44427   39566   37338   53936
22      61230   54339   48460   62647
23      50456   55875   46909   32544

Done. Outputs in /Users/tgilton/high_value_dB/output/es_contamination
