Loaded 177 (date, band) pairs from /Users/tgilton/high_value_dB/output/missing_dates.json
  Fetching 2023-01-16 10m ... 206,883 rows cached to /Users/tgilton/high_value_dB/data/WSPR 10m/WSPR 10m/wspr_2023-01-16_10m.parquet
  Fetching 2023-01-17 10m ... 191,053 rows cached to /Users/tgilton/high_value_dB/data/WSPR 10m/WSPR 10m/wspr_2023-01-17_10m.parquet
  Fetching 2023-01-18 10m ... 240,850 rows cached to /Users/tgilton/high_value_dB/data/WSPR 10m/WSPR 10m/wspr_2023-01-18_10m.parquet
  Fetching 2023-01-19 10m ... 219,707 rows cached to /Users/tgilton/high_value_dB/data/WSPR 10m/WSPR 10m/wspr_2023-01-19_10m.parquet
  Fetching 2023-01-20 10m ... 231,052 rows cached to /Users/tgilton/high_value_dB/data/WSPR 10m/WSPR 10m/wspr_2023-01-20_10m.parquet
  Fetching 2023-01-21 10m ... 249,942 rows cached to /Users/tgilton/high_value_dB/data/WSPR 10m/WSPR 10m/wspr_2023-01-21_10m.parquet
  Fetching 2023-01-22 10m ... 251,674 rows cached to /Users/tgilton/high_value_dB/data/WSPR 10m/WSPR 10m/wspr_2023-01-22_10m.parquet
  Fetching 2023-02-20 10m ... 398,425 rows cached to /Users/tgilton/high_value_dB/data/WSPR 10m/WSPR 10m/wspr_2023-02-20_10m.parquet
  Fetching 2023-02-21 10m ... 253,324 rows cached to /Users/tgilton/high_value_dB/data/WSPR 10m/WSPR 10m/wspr_2023-02-21_10m.parquet
  Fetching 2023-02-22 10m ... 255,955 rows cached to /Users/tgilton/high_value_dB/data/WSPR 10m/WSPR 10m/wspr_2023-02-22_10m.parquet
  Fetching 2023-02-23 10m ... 250,857 rows cached to /Users/tgilton/high_value_dB/data/WSPR 10m/WSPR 10m/wspr_2023-02-23_10m.parquet
  Fetching 2023-02-24 10m ... 229,404 rows cached to /Users/tgilton/high_value_dB/data/WSPR 10m/WSPR 10m/wspr_2023-02-24_10m.parquet
  Fetching 2023-02-25 10m ... 293,528 rows cached to /Users/tgilton/high_value_dB/data/WSPR 10m/WSPR 10m/wspr_2023-02-25_10m.parquet
  Fetching 2023-02-26 10m ... 218,606 rows cached to /Users/tgilton/high_value_dB/data/WSPR 10m/WSPR 10m/wspr_2023-02-26_10m.parquet
  Fetching 2023-03-20 10m ... 239,172 rows cached to /Users/tgilton/high_value_dB/data/WSPR 10m/WSPR 10m/wspr_2023-03-20_10m.parquet
  Fetching 2023-03-21 10m ... 332,847 rows cached to /Users/tgilton/high_value_dB/data/WSPR 10m/WSPR 10m/wspr_2023-03-21_10m.parquet
  Fetching 2023-03-22 10m ... 172,357 rows cached to /Users/tgilton/high_value_dB/data/WSPR 10m/WSPR 10m/wspr_2023-03-22_10m.parquet
  Fetching 2023-03-23 10m ... 133,382 rows cached to /Users/tgilton/high_value_dB/data/WSPR 10m/WSPR 10m/wspr_2023-03-23_10m.parquet
  Fetching 2023-03-24 10m ... 106,655 rows cached to /Users/tgilton/high_value_dB/data/WSPR 10m/WSPR 10m/wspr_2023-03-24_10m.parquet
  Fetching 2023-03-25 10m ... 138,559 rows cached to /Users/tgilton/high_value_dB/data/WSPR 10m/WSPR 10m/wspr_2023-03-25_10m.parquet
  Fetching 2023-03-26 10m ... 216,953 rows cached to /Users/tgilton/high_value_dB/data/WSPR 10m/WSPR 10m/wspr_2023-03-26_10m.parquet
  Fetching 2023-01-16 20m ... 1,097,312 rows cached to /Users/tgilton/high_value_dB/data/WSPR 20m/WSPR 20m/wspr_2023-01-16_20m.parquet
  Fetching 2023-01-17 20m ... 1,085,278 rows cached to /Users/tgilton/high_value_dB/data/WSPR 20m/WSPR 20m/wspr_2023-01-17_20m.parquet
  Fetching 2023-01-18 20m ... 1,139,896 rows cached to /Users/tgilton/high_value_dB/data/WSPR 20m/WSPR 20m/wspr_2023-01-18_20m.parquet
  Fetching 2023-01-19 20m ... 1,138,191 rows cached to /Users/tgilton/high_value_dB/data/WSPR 20m/WSPR 20m/wspr_2023-01-19_20m.parquet
  Fetching 2023-01-20 20m ... 1,115,247 rows cached to /Users/tgilton/high_value_dB/data/WSPR 20m/WSPR 20m/wspr_2023-01-20_20m.parquet
  Fetching 2023-01-21 20m ... 1,024,791 rows cached to /Users/tgilton/high_value_dB/data/WSPR 20m/WSPR 20m/wspr_2023-01-21_20m.parquet
  Fetching 2023-01-22 20m ... 998,615 rows cached to /Users/tgilton/high_value_dB/data/WSPR 20m/WSPR 20m/wspr_2023-01-22_20m.parquet
  Fetching 2023-02-20 20m ... 1,353,282 rows cached to /Users/tgilton/high_value_dB/data/WSPR 20m/WSPR 20m/wspr_2023-02-20_20m.parquet
  Fetching 2023-02-21 20m ... 1,303,079 rows cached to /Users/tgilton/high_value_dB/data/WSPR 20m/WSPR 20m/wspr_2023-02-21_20m.parquet
  Fetching 2023-02-22 20m ... 1,266,530 rows cached to /Users/tgilton/high_value_dB/data/WSPR 20m/WSPR 20m/wspr_2023-02-22_20m.parquet
  Fetching 2023-02-23 20m ... 1,315,406 rows cached to /Users/tgilton/high_value_dB/data/WSPR 20m/WSPR 20m/wspr_2023-02-23_20m.parquet
  Fetching 2023-02-24 20m ... 1,363,335 rows cached to /Users/tgilton/high_value_dB/data/WSPR 20m/WSPR 20m/wspr_2023-02-24_20m.parquet
  Fetching 2023-02-25 20m ... 1,275,701 rows cached to /Users/tgilton/high_value_dB/data/WSPR 20m/WSPR 20m/wspr_2023-02-25_20m.parquet
  Fetching 2023-02-26 20m ... 1,319,350 rows cached to /Users/tgilton/high_value_dB/data/WSPR 20m/WSPR 20m/wspr_2023-02-26_20m.parquet
  Fetching 2023-03-20 20m ... 1,279,837 rows cached to /Users/tgilton/high_value_dB/data/WSPR 20m/WSPR 20m/wspr_2023-03-20_20m.parquet
  Fetching 2023-03-21 20m ... 1,433,287 rows cached to /Users/tgilton/high_value_dB/data/WSPR 20m/WSPR 20m/wspr_2023-03-21_20m.parquet
  Fetching 2023-03-22 20m ... 1,233,589 rows cached to /Users/tgilton/high_value_dB/data/WSPR 20m/WSPR 20m/wspr_2023-03-22_20m.parquet
  Fetching 2023-03-23 20m ... 1,297,617 rows cached to /Users/tgilton/high_value_dB/data/WSPR 20m/WSPR 20m/wspr_2023-03-23_20m.parquet
  Fetching 2023-03-24 20m ... 675,000 rows cached to /Users/tgilton/high_value_dB/data/WSPR 20m/WSPR 20m/wspr_2023-03-24_20m.parquet
  Fetching 2023-03-25 20m ... 860,301 rows cached to /Users/tgilton/high_value_dB/data/WSPR 20m/WSPR 20m/wspr_2023-03-25_20m.parquet
  Fetching 2023-03-26 20m ... 1,307,170 rows cached to /Users/tgilton/high_value_dB/data/WSPR 20m/WSPR 20m/wspr_2023-03-26_20m.parquet
  Fetching 2023-04-17 20m ... 1,466,337 rows cached to /Users/tgilton/high_value_dB/data/WSPR 20m/WSPR 20m/wspr_2023-04-17_20m.parquet
  Fetching 2023-04-18 20m ... 1,068,308 rows cached to /Users/tgilton/high_value_dB/data/WSPR 20m/WSPR 20m/wspr_2023-04-18_20m.parquet
  Fetching 2023-04-19 20m ... 984,554 rows cached to /Users/tgilton/high_value_dB/data/WSPR 20m/WSPR 20m/wspr_2023-04-19_20m.parquet
  Fetching 2023-04-20 20m ... 1,038,989 rows cached to /Users/tgilton/high_value_dB/data/WSPR 20m/WSPR 20m/wspr_2023-04-20_20m.parquet
  Fetching 2023-04-21 20m ... 1,421,139 rows cached to /Users/tgilton/high_value_dB/data/WSPR 20m/WSPR 20m/wspr_2023-04-21_20m.parquet
  Fetching 2023-04-22 20m ... 1,212,760 rows cached to /Users/tgilton/high_value_dB/data/WSPR 20m/WSPR 20m/wspr_2023-04-22_20m.parquet
  Fetching 2023-04-23 20m ... 907,774 rows cached to /Users/tgilton/high_value_dB/data/WSPR 20m/WSPR 20m/wspr_2023-04-23_20m.parquet
  Fetching 2023-07-17 20m ... 875,310 rows cached to /Users/tgilton/high_value_dB/data/WSPR 20m/WSPR 20m/wspr_2023-07-17_20m.parquet
  Fetching 2023-07-18 20m ... 1,001,942 rows cached to /Users/tgilton/high_value_dB/data/WSPR 20m/WSPR 20m/wspr_2023-07-18_20m.parquet
  Fetching 2023-07-19 20m ... 1,238,344 rows cached to /Users/tgilton/high_value_dB/data/WSPR 20m/WSPR 20m/wspr_2023-07-19_20m.parquet
  Fetching 2023-07-20 20m ... 1,393,088 rows cached to /Users/tgilton/high_value_dB/data/WSPR 20m/WSPR 20m/wspr_2023-07-20_20m.parquet
  Fetching 2023-07-21 20m ... 1,234,834 rows cached to /Users/tgilton/high_value_dB/data/WSPR 20m/WSPR 20m/wspr_2023-07-21_20m.parquet
  Fetching 2023-07-22 20m ... 1,156,445 rows cached to /Users/tgilton/high_value_dB/data/WSPR 20m/WSPR 20m/wspr_2023-07-22_20m.parquet
  Fetching 2023-07-23 20m ... 1,472,104 rows cached to /Users/tgilton/high_value_dB/data/WSPR 20m/WSPR 20m/wspr_2023-07-23_20m.parquet
  Fetching 2023-08-21 20m ... 1,343,342 rows cached to /Users/tgilton/high_value_dB/data/WSPR 20m/WSPR 20m/wspr_2023-08-21_20m.parquet
  Fetching 2023-08-22 20m ... 1,302,918 rows cached to /Users/tgilton/high_value_dB/data/WSPR 20m/WSPR 20m/wspr_2023-08-22_20m.parquet
  Fetching 2023-08-23 20m ... 1,522,414 rows cached to /Users/tgilton/high_value_dB/data/WSPR 20m/WSPR 20m/wspr_2023-08-23_20m.parquet
  Fetching 2023-08-24 20m ... 1,581,380 rows cached to /Users/tgilton/high_value_dB/data/WSPR 20m/WSPR 20m/wspr_2023-08-24_20m.parquet
  Fetching 2023-08-25 20m ... 1,397,846 rows cached to /Users/tgilton/high_value_dB/data/WSPR 20m/WSPR 20m/wspr_2023-08-25_20m.parquet
  Fetching 2023-08-26 20m ... 1,257,221 rows cached to /Users/tgilton/high_value_dB/data/WSPR 20m/WSPR 20m/wspr_2023-08-26_20m.parquet
  Fetching 2023-08-27 20m ... 1,184,690 rows cached to /Users/tgilton/high_value_dB/data/WSPR 20m/WSPR 20m/wspr_2023-08-27_20m.parquet
  Fetching 2023-09-18 20m ... 1,135,184 rows cached to /Users/tgilton/high_value_dB/data/WSPR 20m/WSPR 20m/wspr_2023-09-18_20m.parquet
  Fetching 2023-09-19 20m ... 707,293 rows cached to /Users/tgilton/high_value_dB/data/WSPR 20m/WSPR 20m/wspr_2023-09-19_20m.parquet
  Fetching 2023-09-20 20m ... 897,515 rows cached to /Users/tgilton/high_value_dB/data/WSPR 20m/WSPR 20m/wspr_2023-09-20_20m.parquet
  Fetching 2023-09-21 20m ... 1,207,667 rows cached to /Users/tgilton/high_value_dB/data/WSPR 20m/WSPR 20m/wspr_2023-09-21_20m.parquet
  Fetching 2023-09-22 20m ... 1,339,266 rows cached to /Users/tgilton/high_value_dB/data/WSPR 20m/WSPR 20m/wspr_2023-09-22_20m.parquet
  Fetching 2023-09-23 20m ... 1,136,078 rows cached to /Users/tgilton/high_value_dB/data/WSPR 20m/WSPR 20m/wspr_2023-09-23_20m.parquet
  Fetching 2023-09-24 20m ... 1,220,202 rows cached to /Users/tgilton/high_value_dB/data/WSPR 20m/WSPR 20m/wspr_2023-09-24_20m.parquet
  Fetching 2023-10-16 20m ... 1,338,282 rows cached to /Users/tgilton/high_value_dB/data/WSPR 20m/WSPR 20m/wspr_2023-10-16_20m.parquet
  Fetching 2023-10-17 20m ... 1,385,483 rows cached to /Users/tgilton/high_value_dB/data/WSPR 20m/WSPR 20m/wspr_2023-10-17_20m.parquet
  Fetching 2023-10-18 20m ... 1,383,981 rows cached to /Users/tgilton/high_value_dB/data/WSPR 20m/WSPR 20m/wspr_2023-10-18_20m.parquet
  Fetching 2023-10-19 20m ... 1,330,715 rows cached to /Users/tgilton/high_value_dB/data/WSPR 20m/WSPR 20m/wspr_2023-10-19_20m.parquet
  Fetching 2023-10-20 20m ... 1,307,542 rows cached to /Users/tgilton/high_value_dB/data/WSPR 20m/WSPR 20m/wspr_2023-10-20_20m.parquet
  Fetching 2023-10-21 20m ... 1,081,529 rows cached to /Users/tgilton/high_value_dB/data/WSPR 20m/WSPR 20m/wspr_2023-10-21_20m.parquet
  Fetching 2023-10-22 20m ... 1,176,634 rows cached to /Users/tgilton/high_value_dB/data/WSPR 20m/WSPR 20m/wspr_2023-10-22_20m.parquet
  Fetching 2023-11-20 20m ... 1,076,035 rows cached to /Users/tgilton/high_value_dB/data/WSPR 20m/WSPR 20m/wspr_2023-11-20_20m.parquet
  Fetching 2023-11-21 20m ... 985,142 rows cached to /Users/tgilton/high_value_dB/data/WSPR 20m/WSPR 20m/wspr_2023-11-21_20m.parquet
  Fetching 2023-11-22 20m ... 1,049,031 rows cached to /Users/tgilton/high_value_dB/data/WSPR 20m/WSPR 20m/wspr_2023-11-22_20m.parquet
  Fetching 2023-11-23 20m ... 990,180 rows cached to /Users/tgilton/high_value_dB/data/WSPR 20m/WSPR 20m/wspr_2023-11-23_20m.parquet
  Fetching 2023-11-24 20m ... 1,003,515 rows cached to /Users/tgilton/high_value_dB/data/WSPR 20m/WSPR 20m/wspr_2023-11-24_20m.parquet
  Fetching 2023-11-25 20m ... 1,035,333 rows cached to /Users/tgilton/high_value_dB/data/WSPR 20m/WSPR 20m/wspr_2023-11-25_20m.parquet
  Fetching 2023-11-26 20m ... 1,036,535 rows cached to /Users/tgilton/high_value_dB/data/WSPR 20m/WSPR 20m/wspr_2023-11-26_20m.parquet
  Fetching 2023-12-18 20m ... 939,638 rows cached to /Users/tgilton/high_value_dB/data/WSPR 20m/WSPR 20m/wspr_2023-12-18_20m.parquet
  Fetching 2023-12-19 20m ... 857,367 rows cached to /Users/tgilton/high_value_dB/data/WSPR 20m/WSPR 20m/wspr_2023-12-19_20m.parquet
  Fetching 2023-12-20 20m ... 900,683 rows cached to /Users/tgilton/high_value_dB/data/WSPR 20m/WSPR 20m/wspr_2023-12-20_20m.parquet
  Fetching 2023-12-21 20m ... 914,466 rows cached to /Users/tgilton/high_value_dB/data/WSPR 20m/WSPR 20m/wspr_2023-12-21_20m.parquet
  Fetching 2023-12-22 20m ... 924,720 rows cached to /Users/tgilton/high_value_dB/data/WSPR 20m/WSPR 20m/wspr_2023-12-22_20m.parquet
  Fetching 2023-12-23 20m ... 909,908 rows cached to /Users/tgilton/high_value_dB/data/WSPR 20m/WSPR 20m/wspr_2023-12-23_20m.parquet
  Fetching 2023-12-24 20m ... 989,435 rows cached to /Users/tgilton/high_value_dB/data/WSPR 20m/WSPR 20m/wspr_2023-12-24_20m.parquet
  Fetching 2024-05-07 20m ... 1,079,981 rows cached to /Users/tgilton/high_value_dB/data/WSPR 20m/WSPR 20m/wspr_2024-05-07_20m.parquet
  Fetching 2024-05-08 20m ... 1,293,094 rows cached to /Users/tgilton/high_value_dB/data/WSPR 20m/WSPR 20m/wspr_2024-05-08_20m.parquet
  Fetching 2024-05-09 20m ... 1,454,745 rows cached to /Users/tgilton/high_value_dB/data/WSPR 20m/WSPR 20m/wspr_2024-05-09_20m.parquet
  Fetching 2024-05-10 20m ... 1,176,286 rows cached to /Users/tgilton/high_value_dB/data/WSPR 20m/WSPR 20m/wspr_2024-05-10_20m.parquet
  Fetching 2024-05-11 20m ... 354,570 rows cached to /Users/tgilton/high_value_dB/data/WSPR 20m/WSPR 20m/wspr_2024-05-11_20m.parquet
  Fetching 2024-05-12 20m ... 788,867 rows cached to /Users/tgilton/high_value_dB/data/WSPR 20m/WSPR 20m/wspr_2024-05-12_20m.parquet
  Fetching 2024-05-13 20m ... 986,513 rows cached to /Users/tgilton/high_value_dB/data/WSPR 20m/WSPR 20m/wspr_2024-05-13_20m.parquet
  Fetching 2024-05-14 20m ... 1,394,821 rows cached to /Users/tgilton/high_value_dB/data/WSPR 20m/WSPR 20m/wspr_2024-05-14_20m.parquet
  Fetching 2023-01-16 40m ... 1,281,496 rows cached to /Users/tgilton/high_value_dB/data/WSPR 40m/WSPR 40m/wspr_2023-01-16_40m.parquet
  Fetching 2023-01-17 40m ... 1,296,702 rows cached to /Users/tgilton/high_value_dB/data/WSPR 40m/WSPR 40m/wspr_2023-01-17_40m.parquet
  Fetching 2023-01-18 40m ... 1,456,854 rows cached to /Users/tgilton/high_value_dB/data/WSPR 40m/WSPR 40m/wspr_2023-01-18_40m.parquet
  Fetching 2023-01-19 40m ... 1,350,171 rows cached to /Users/tgilton/high_value_dB/data/WSPR 40m/WSPR 40m/wspr_2023-01-19_40m.parquet
  Fetching 2023-01-20 40m ... 1,367,359 rows cached to /Users/tgilton/high_value_dB/data/WSPR 40m/WSPR 40m/wspr_2023-01-20_40m.parquet
  Fetching 2023-01-21 40m ... 1,306,974 rows cached to /Users/tgilton/high_value_dB/data/WSPR 40m/WSPR 40m/wspr_2023-01-21_40m.parquet
  Fetching 2023-01-22 40m ... 1,364,040 rows cached to /Users/tgilton/high_value_dB/data/WSPR 40m/WSPR 40m/wspr_2023-01-22_40m.parquet
  Fetching 2023-02-20 40m ... 1,712,809 rows cached to /Users/tgilton/high_value_dB/data/WSPR 40m/WSPR 40m/wspr_2023-02-20_40m.parquet
  Fetching 2023-02-21 40m ... 1,658,667 rows cached to /Users/tgilton/high_value_dB/data/WSPR 40m/WSPR 40m/wspr_2023-02-21_40m.parquet
  Fetching 2023-02-22 40m ... 1,571,175 rows cached to /Users/tgilton/high_value_dB/data/WSPR 40m/WSPR 40m/wspr_2023-02-22_40m.parquet
  Fetching 2023-02-23 40m ... 1,510,235 rows cached to /Users/tgilton/high_value_dB/data/WSPR 40m/WSPR 40m/wspr_2023-02-23_40m.parquet
  Fetching 2023-02-24 40m ... 1,574,827 rows cached to /Users/tgilton/high_value_dB/data/WSPR 40m/WSPR 40m/wspr_2023-02-24_40m.parquet
  Fetching 2023-02-25 40m ... 1,613,559 rows cached to /Users/tgilton/high_value_dB/data/WSPR 40m/WSPR 40m/wspr_2023-02-25_40m.parquet
  Fetching 2023-02-26 40m ... 1,572,844 rows cached to /Users/tgilton/high_value_dB/data/WSPR 40m/WSPR 40m/wspr_2023-02-26_40m.parquet
  Fetching 2023-03-20 40m ... 1,506,864 rows cached to /Users/tgilton/high_value_dB/data/WSPR 40m/WSPR 40m/wspr_2023-03-20_40m.parquet
  Fetching 2023-03-21 40m ... 1,553,283 rows cached to /Users/tgilton/high_value_dB/data/WSPR 40m/WSPR 40m/wspr_2023-03-21_40m.parquet
  Fetching 2023-03-22 40m ... 1,564,841 rows cached to /Users/tgilton/high_value_dB/data/WSPR 40m/WSPR 40m/wspr_2023-03-22_40m.parquet
  Fetching 2023-03-23 40m ... 1,514,712 rows cached to /Users/tgilton/high_value_dB/data/WSPR 40m/WSPR 40m/wspr_2023-03-23_40m.parquet
  Fetching 2023-03-24 40m ... 707,126 rows cached to /Users/tgilton/high_value_dB/data/WSPR 40m/WSPR 40m/wspr_2023-03-24_40m.parquet
  Fetching 2023-03-25 40m ... 1,024,534 rows cached to /Users/tgilton/high_value_dB/data/WSPR 40m/WSPR 40m/wspr_2023-03-25_40m.parquet
  Fetching 2023-03-26 40m ... 1,356,435 rows cached to /Users/tgilton/high_value_dB/data/WSPR 40m/WSPR 40m/wspr_2023-03-26_40m.parquet
  Fetching 2023-04-17 40m ... 1,570,872 rows cached to /Users/tgilton/high_value_dB/data/WSPR 40m/WSPR 40m/wspr_2023-04-17_40m.parquet
  Fetching 2023-04-18 40m ... 1,203,151 rows cached to /Users/tgilton/high_value_dB/data/WSPR 40m/WSPR 40m/wspr_2023-04-18_40m.parquet
  Fetching 2023-04-19 40m ... 1,291,128 rows cached to /Users/tgilton/high_value_dB/data/WSPR 40m/WSPR 40m/wspr_2023-04-19_40m.parquet
  Fetching 2023-04-20 40m ... 993,125 rows cached to /Users/tgilton/high_value_dB/data/WSPR 40m/WSPR 40m/wspr_2023-04-20_40m.parquet
  Fetching 2023-04-21 40m ... 1,514,505 rows cached to /Users/tgilton/high_value_dB/data/WSPR 40m/WSPR 40m/wspr_2023-04-21_40m.parquet
  Fetching 2023-04-22 40m ... 1,435,423 rows cached to /Users/tgilton/high_value_dB/data/WSPR 40m/WSPR 40m/wspr_2023-04-22_40m.parquet
  Fetching 2023-04-23 40m ... 1,249,171 rows cached to /Users/tgilton/high_value_dB/data/WSPR 40m/WSPR 40m/wspr_2023-04-23_40m.parquet
  Fetching 2023-07-17 40m ... 895,063 rows cached to /Users/tgilton/high_value_dB/data/WSPR 40m/WSPR 40m/wspr_2023-07-17_40m.parquet
  Fetching 2023-07-18 40m ... 874,351 rows cached to /Users/tgilton/high_value_dB/data/WSPR 40m/WSPR 40m/wspr_2023-07-18_40m.parquet
  Fetching 2023-07-19 40m ... 1,089,790 rows cached to /Users/tgilton/high_value_dB/data/WSPR 40m/WSPR 40m/wspr_2023-07-19_40m.parquet
  Fetching 2023-07-20 40m ... 1,152,451 rows cached to /Users/tgilton/high_value_dB/data/WSPR 40m/WSPR 40m/wspr_2023-07-20_40m.parquet
  Fetching 2023-07-21 40m ... 1,154,217 rows cached to /Users/tgilton/high_value_dB/data/WSPR 40m/WSPR 40m/wspr_2023-07-21_40m.parquet
  Fetching 2023-07-22 40m ... 1,095,489 rows cached to /Users/tgilton/high_value_dB/data/WSPR 40m/WSPR 40m/wspr_2023-07-22_40m.parquet
  Fetching 2023-07-23 40m ... 1,242,134 rows cached to /Users/tgilton/high_value_dB/data/WSPR 40m/WSPR 40m/wspr_2023-07-23_40m.parquet
  Fetching 2023-08-21 40m ... 1,377,595 rows cached to /Users/tgilton/high_value_dB/data/WSPR 40m/WSPR 40m/wspr_2023-08-21_40m.parquet
  Fetching 2023-08-22 40m ... 1,376,355 rows cached to /Users/tgilton/high_value_dB/data/WSPR 40m/WSPR 40m/wspr_2023-08-22_40m.parquet
  Fetching 2023-08-23 40m ... 1,432,252 rows cached to /Users/tgilton/high_value_dB/data/WSPR 40m/WSPR 40m/wspr_2023-08-23_40m.parquet
  Fetching 2023-08-24 40m ... 1,395,342 rows cached to /Users/tgilton/high_value_dB/data/WSPR 40m/WSPR 40m/wspr_2023-08-24_40m.parquet
  Fetching 2023-08-25 40m ... 1,345,774 rows cached to /Users/tgilton/high_value_dB/data/WSPR 40m/WSPR 40m/wspr_2023-08-25_40m.parquet
  Fetching 2023-08-26 40m ... 1,257,813 rows cached to /Users/tgilton/high_value_dB/data/WSPR 40m/WSPR 40m/wspr_2023-08-26_40m.parquet
  Fetching 2023-08-27 40m ... 1,208,527 rows cached to /Users/tgilton/high_value_dB/data/WSPR 40m/WSPR 40m/wspr_2023-08-27_40m.parquet
  Fetching 2023-09-18 40m ... 1,279,518 rows cached to /Users/tgilton/high_value_dB/data/WSPR 40m/WSPR 40m/wspr_2023-09-18_40m.parquet
  Fetching 2023-09-19 40m ... 873,667 rows cached to /Users/tgilton/high_value_dB/data/WSPR 40m/WSPR 40m/wspr_2023-09-19_40m.parquet
  Fetching 2023-09-20 40m ... 1,116,091 rows cached to /Users/tgilton/high_value_dB/data/WSPR 40m/WSPR 40m/wspr_2023-09-20_40m.parquet
  Fetching 2023-09-21 40m ... 1,242,361 rows cached to /Users/tgilton/high_value_dB/data/WSPR 40m/WSPR 40m/wspr_2023-09-21_40m.parquet
  Fetching 2023-09-22 40m ... 1,236,211 rows cached to /Users/tgilton/high_value_dB/data/WSPR 40m/WSPR 40m/wspr_2023-09-22_40m.parquet
  Fetching 2023-09-23 40m ... 1,172,881 rows cached to /Users/tgilton/high_value_dB/data/WSPR 40m/WSPR 40m/wspr_2023-09-23_40m.parquet
  Fetching 2023-09-24 40m ... 1,242,211 rows cached to /Users/tgilton/high_value_dB/data/WSPR 40m/WSPR 40m/wspr_2023-09-24_40m.parquet
  Fetching 2023-10-16 40m ... 1,203,554 rows cached to /Users/tgilton/high_value_dB/data/WSPR 40m/WSPR 40m/wspr_2023-10-16_40m.parquet
  Fetching 2023-10-17 40m ... 1,311,938 rows cached to /Users/tgilton/high_value_dB/data/WSPR 40m/WSPR 40m/wspr_2023-10-17_40m.parquet
  Fetching 2023-10-18 40m ... 1,358,630 rows cached to /Users/tgilton/high_value_dB/data/WSPR 40m/WSPR 40m/wspr_2023-10-18_40m.parquet
  Fetching 2023-10-19 40m ... 1,326,463 rows cached to /Users/tgilton/high_value_dB/data/WSPR 40m/WSPR 40m/wspr_2023-10-19_40m.parquet
  Fetching 2023-10-20 40m ... 1,141,411 rows cached to /Users/tgilton/high_value_dB/data/WSPR 40m/WSPR 40m/wspr_2023-10-20_40m.parquet
  Fetching 2023-10-21 40m ... 1,054,271 rows cached to /Users/tgilton/high_value_dB/data/WSPR 40m/WSPR 40m/wspr_2023-10-21_40m.parquet
  Fetching 2023-10-22 40m ... 1,155,772 rows cached to /Users/tgilton/high_value_dB/data/WSPR 40m/WSPR 40m/wspr_2023-10-22_40m.parquet
  Fetching 2023-11-20 40m ... 1,208,974 rows cached to /Users/tgilton/high_value_dB/data/WSPR 40m/WSPR 40m/wspr_2023-11-20_40m.parquet
  Fetching 2023-11-21 40m ... 1,113,190 rows cached to /Users/tgilton/high_value_dB/data/WSPR 40m/WSPR 40m/wspr_2023-11-21_40m.parquet
  Fetching 2023-11-22 40m ... 1,031,615 rows cached to /Users/tgilton/high_value_dB/data/WSPR 40m/WSPR 40m/wspr_2023-11-22_40m.parquet
  Fetching 2023-11-23 40m ... 1,092,989 rows cached to /Users/tgilton/high_value_dB/data/WSPR 40m/WSPR 40m/wspr_2023-11-23_40m.parquet
  Fetching 2023-11-24 40m ... 1,045,366 rows cached to /Users/tgilton/high_value_dB/data/WSPR 40m/WSPR 40m/wspr_2023-11-24_40m.parquet
  Fetching 2023-11-25 40m ... 939,786 rows cached to /Users/tgilton/high_value_dB/data/WSPR 40m/WSPR 40m/wspr_2023-11-25_40m.parquet
  Fetching 2023-11-26 40m ... 993,200 rows cached to /Users/tgilton/high_value_dB/data/WSPR 40m/WSPR 40m/wspr_2023-11-26_40m.parquet
  Fetching 2023-12-18 40m ... 1,013,534 rows cached to /Users/tgilton/high_value_dB/data/WSPR 40m/WSPR 40m/wspr_2023-12-18_40m.parquet
  Fetching 2023-12-19 40m ... 1,125,787 rows cached to /Users/tgilton/high_value_dB/data/WSPR 40m/WSPR 40m/wspr_2023-12-19_40m.parquet
  Fetching 2023-12-20 40m ... 1,077,640 rows cached to /Users/tgilton/high_value_dB/data/WSPR 40m/WSPR 40m/wspr_2023-12-20_40m.parquet
  Fetching 2023-12-21 40m ... 1,210,088 rows cached to /Users/tgilton/high_value_dB/data/WSPR 40m/WSPR 40m/wspr_2023-12-21_40m.parquet
  Fetching 2023-12-22 40m ... 1,224,630 rows cached to /Users/tgilton/high_value_dB/data/WSPR 40m/WSPR 40m/wspr_2023-12-22_40m.parquet
  Fetching 2023-12-23 40m ... 1,290,016 rows cached to /Users/tgilton/high_value_dB/data/WSPR 40m/WSPR 40m/wspr_2023-12-23_40m.parquet
  Fetching 2023-12-24 40m ... 1,260,302 rows cached to /Users/tgilton/high_value_dB/data/WSPR 40m/WSPR 40m/wspr_2023-12-24_40m.parquet
  Fetching 2024-05-07 40m ... 1,309,573 rows cached to /Users/tgilton/high_value_dB/data/WSPR 40m/WSPR 40m/wspr_2024-05-07_40m.parquet
  Fetching 2024-05-08 40m ... 1,207,805 rows cached to /Users/tgilton/high_value_dB/data/WSPR 40m/WSPR 40m/wspr_2024-05-08_40m.parquet
  Fetching 2024-05-09 40m ... 1,251,074 rows cached to /Users/tgilton/high_value_dB/data/WSPR 40m/WSPR 40m/wspr_2024-05-09_40m.parquet
  Fetching 2024-05-10 40m ... 1,031,729 rows cached to /Users/tgilton/high_value_dB/data/WSPR 40m/WSPR 40m/wspr_2024-05-10_40m.parquet
  Fetching 2024-05-11 40m ... 335,411 rows cached to /Users/tgilton/high_value_dB/data/WSPR 40m/WSPR 40m/wspr_2024-05-11_40m.parquet
  Fetching 2024-05-12 40m ... 746,013 rows cached to /Users/tgilton/high_value_dB/data/WSPR 40m/WSPR 40m/wspr_2024-05-12_40m.parquet
  Fetching 2024-05-13 40m ... 977,769 rows cached to /Users/tgilton/high_value_dB/data/WSPR 40m/WSPR 40m/wspr_2024-05-13_40m.parquet
  Fetching 2024-05-14 40m ... 1,235,023 rows cached to /Users/tgilton/high_value_dB/data/WSPR 40m/WSPR 40m/wspr_2024-05-14_40m.parquet
{
  "total": 177,
  "completed": 177,
  "skipped": 0,
  "failed": 0
}
