Building raw 20m day/DX table (84 baseline days, Kp + F10.7 joined)...
Total spots: 11,356,978

======================================================================
STEP 1: Reproduce original Figure 20
======================================================================
SNR median by Kp bin x SZA bin:
kp_bin   Quiet (0-2)  Unsettled (2-4)  Storm (4-6)  Severe (6+)
sza_bin                                                        
0                NaN            -10.0          NaN          NaN
5              -19.0            -19.0        -19.5          NaN
10             -19.0            -19.0        -19.0          NaN
15             -19.0            -19.0        -19.0          NaN
20             -19.0            -19.0        -19.0          NaN
25             -19.0            -19.0        -19.0        -17.0
30             -19.0            -19.0        -19.0        -19.0
35             -19.0            -19.0        -19.0        -18.0
40             -19.0            -19.0        -19.0        -17.0
45             -19.0            -19.0        -19.0        -18.0
50             -19.0            -19.0        -19.0        -18.0
55             -19.0            -18.0        -19.0        -18.0
60             -18.0            -18.0        -19.0        -18.0
65             -18.0            -18.0        -19.0        -18.0
70             -18.0            -18.0        -18.0        -18.0
75             -18.0            -18.0        -19.0        -17.0
80             -18.0            -18.0        -18.0        -18.0
85             -18.0            -18.0        -18.0        -18.0
90             -18.0            -18.0        -18.0        -18.0
95             -18.0            -19.0        -19.0        -18.0
100            -18.0            -18.0        -19.0        -18.0
105            -18.0            -18.0        -19.0        -18.0
110            -18.0            -18.0        -18.0        -18.0
115            -18.0            -18.0        -19.0        -18.0
120            -18.0            -18.0        -19.0        -18.0
125            -18.0            -18.0        -18.0        -17.0
130            -18.0            -18.0        -18.0        -18.0
135            -18.0            -18.0        -18.0        -18.0
140            -18.0            -18.0        -18.0        -18.0
145            -18.0            -18.0        -17.0        -17.0
150            -18.0            -18.0        -17.0        -16.0
155            -17.0            -17.0        -17.0        -17.0
160            -17.0            -17.0        -17.0        -19.0
165            -18.0            -17.0        -16.0        -13.5
170            -19.0            -14.0          1.0          NaN

Spot count by Kp bin x SZA bin:
kp_bin   Quiet (0-2)  Unsettled (2-4)  Storm (4-6)  Severe (6+)
sza_bin                                                        
0                NaN              1.0          NaN          NaN
5              111.0            199.0         14.0          NaN
10            2059.0           3078.0        812.0          NaN
15            8931.0          13325.0       4282.0          NaN
20           20906.0          23720.0       8093.0          NaN
25           40775.0          44192.0       9997.0          7.0
30           64328.0          66585.0      13283.0         97.0
35           85131.0          78962.0      22138.0        556.0
40          112263.0          81001.0      28493.0       3319.0
45          136016.0          98678.0      32015.0       7930.0
50          148730.0         120595.0      35837.0       7501.0
55          186504.0         133525.0      43557.0       9105.0
60          249372.0         148190.0      37724.0       7319.0
65          269304.0         159416.0      40946.0       7724.0
70          336764.0         210937.0      53382.0      12273.0
75          343721.0         223229.0      50278.0      12003.0
80          382486.0         236368.0      49458.0       9934.0
85          420191.0         267762.0      43091.0       9057.0
90          447359.0         282634.0      46577.0       9557.0
95          546974.0         326849.0      56390.0      10592.0
100         626803.0         350998.0      58003.0      11346.0
105         529438.0         292653.0      50273.0      11910.0
110         409550.0         250330.0      42674.0      10928.0
115         301897.0         180985.0      34279.0       9453.0
120         186901.0         107567.0      25890.0       9152.0
125         142124.0          81639.0      19118.0       8282.0
130         104942.0          64947.0      13422.0       5960.0
135          74741.0          52165.0      12291.0       4746.0
140          45302.0          37996.0       6190.0       2645.0
145          41444.0          29014.0       3093.0        626.0
150          29403.0          18337.0       1347.0        457.0
155          17317.0           8487.0       1030.0        334.0
160          12482.0           6153.0        570.0        129.0
165           2797.0           1487.0        151.0          6.0
170            172.0             89.0          1.0          NaN

At SZA <= 20 (report's quoted comparison point):
  spot counts: {'Quiet (0-2)': 32007.0, 'Unsettled (2-4)': 40323.0, 'Storm (4-6)': 13201.0, 'Severe (6+)': nan}
  median SNR:  {'Quiet (0-2)': -19.0, 'Unsettled (2-4)': -19.0, 'Storm (4-6)': -19.0, 'Severe (6+)': nan}

Distinct sampled days contributing to each Kp bin: {'Quiet (0-2)': 77, 'Unsettled (2-4)': 72, 'Storm (4-6)': 22, 'Severe (6+)': 5}

======================================================================
STEP 2/3: Month-stratified SNR and spot count
======================================================================

Median SNR by month x Kp bin, SZA<=20:
kp_bin   Quiet (0-2)  Unsettled (2-4)  Storm (4-6)  Severe (6+)
month                                                          
2023-04        -19.0              NaN          NaN          NaN
2023-05        -19.0            -19.0        -19.0          NaN
2023-06        -19.0            -19.0        -19.0          NaN
2023-07        -19.0            -19.0        -19.0          NaN
2023-08        -18.0            -18.0          NaN          NaN

Sample sizes (n spots) by month x Kp bin, SZA<=20:
kp_bin   Quiet (0-2)  Unsettled (2-4)  Storm (4-6)  Severe (6+)
month                                                          
2023-04       1366.0              NaN          NaN          NaN
2023-05       6230.0           9443.0       3999.0          NaN
2023-06       9620.0          21806.0       1217.0          NaN
2023-07      12969.0           7665.0       7985.0          NaN
2023-08       1822.0           1409.0          NaN          NaN

Spot count by month x Kp bin, SZA<=20:
kp_bin   Quiet (0-2)  Unsettled (2-4)  Storm (4-6)  Severe (6+)
month                                                          
2023-04       1366.0              NaN          NaN          NaN
2023-05       6230.0           9443.0       3999.0          NaN
2023-06       9620.0          21806.0       1217.0          NaN
2023-07      12969.0           7665.0       7985.0          NaN
2023-08       1822.0           1409.0          NaN          NaN

Months with n>=30 in both Quiet and Severe (usable for within-month comparison):
  NONE

======================================================================
STEP 4: Regressions
======================================================================

--- SNR ~ Kp + Fobs + sza_bin + season (summer=ref), n=11,356,978 ---
         term       coef       se           t      p_value
    intercept -17.754223 0.019674 -902.415829 0.000000e+00
           Kp  -0.003831 0.001650   -2.322574 2.020206e-02
         fobs   0.000959 0.000106    9.050239 1.426772e-19
      sza_bin   0.001587 0.000088   17.999966 1.953932e-72
season_winter   0.809608 0.007232  111.951142 0.000000e+00
season_spring  -0.094158 0.006192  -15.205954 3.232764e-52
season_autumn   0.463525 0.006606   70.166808 0.000000e+00
R^2=0.0023, dof=11,356,971

--- log1p(spot_count per date x time_3h x sza_bin cell) ~ Kp + Fobs + sza_bin + season, n=13,461 ---
         term      coef       se         t      p_value
    intercept  6.482829 0.132604 48.888527 0.000000e+00
           Kp  0.014622 0.011996  1.218917 2.228969e-01
         fobs -0.002142 0.000742 -2.887520 3.889111e-03
      sza_bin -0.002677 0.000498 -5.376511 7.721133e-08
season_winter -0.511031 0.053392 -9.571278 1.237425e-21
season_spring -0.189485 0.046627 -4.063857 4.854263e-05
season_autumn -0.473922 0.048966 -9.678601 4.387930e-22
R^2=0.0209, dof=13,454

Done. Outputs in /Users/tgilton/high_value_dB/output/kp_insensitivity
