======================================================================
STEP 1: Reproduce original Figure 7 from wspr_agg_v2.parquet
======================================================================
  month  snr_summary  spot_count season
2023-06   -21.889021     22734.0 summer
2023-07   -19.728268     28760.0 summer
2023-09   -17.655226    463190.0 autumn
2023-05   -17.616670    101294.0 spring
2023-03   -17.408715    909104.0 spring
2023-04   -17.389334    515452.0 spring
2023-08   -17.218633    130282.0 summer
2023-12   -17.180609    775683.0 winter
2023-10   -17.025678   1063084.0 autumn
2023-02   -16.748481   1163985.0 winter
2023-01   -16.724363    890093.0 winter
2023-11   -16.413229    960860.0 autumn

Winter+autumn mean summary SNR: -17.0 dB
Summer mean summary SNR:        -19.6 dB
Gap: 2.7 dB

Building raw per-spot table (2023 baseline, 10m day 2k-8k km)...
Total spots: 7,024,521

======================================================================
STEP 2: F10.7 during each actually-sampled week
======================================================================
  month       mean  median   min   max  count season
2023-01 217.285714   220.3 198.6 228.1      7 winter
2023-02 174.742857   159.8 148.2 279.3      7 winter
2023-03 156.400000   157.5 151.0 160.3      7 spring
2023-04 148.771429   147.0 135.2 166.6      7 spring
2023-05 150.700000   150.6 134.3 169.6      7 spring
2023-06 169.114286   169.7 154.8 180.1      7 summer
2023-07 184.485714   180.0 172.5 218.5      7 summer
2023-08 144.342857   144.1 138.9 150.9      7 summer
2023-09 166.657143   168.1 154.5 175.7      7 autumn
2023-10 130.342857   128.7 118.8 144.0      7 autumn
2023-11 178.042857   178.0 156.5 194.2      7 autumn
2023-12 181.985714   183.4 161.4 195.3      7 winter

======================================================================
STEP 3a: Median SNR by season WITHIN each F10.7 bin
======================================================================
         sfi_bin season  snr_median       n
   Low (100-160) autumn       -17.0 1285406
   Low (100-160) spring       -18.0 1349734
   Low (100-160) summer       -18.0  131574
   Low (100-160) winter       -17.0  688871
   Med (160-200) autumn       -17.0 1201728
   Med (160-200) spring       -18.0  176116
   Med (160-200) summer       -21.0   48548
   Med (160-200) winter       -17.0 1199026
  High (200-250) summer       -22.0    1654
  High (200-250) winter       -17.0  754960
Very High (250+) winter       -17.0  186904

======================================================================
STEP 3b: Regression - snr ~ intercept + fobs + sza_bin + season (summer=ref)
======================================================================
         term       coef       se           t       p_value
    intercept -16.602707 0.030812 -538.837154  0.000000e+00
         fobs   0.000425 0.000128    3.329589  8.697486e-04
      sza_bin  -0.004219 0.000321  -13.139742  1.950987e-39
season_winter   1.301637 0.022840   56.988862  0.000000e+00
season_spring   0.775072 0.022105   35.062760 2.629898e-269
season_autumn   1.241318 0.022265   55.753016  0.000000e+00

n=7,024,521, dof=7,024,515
R^2 with season:    0.0008
R^2 without season: 0.0001
R^2 gain from season: 0.0007

Done. Outputs written to /Users/tgilton/high_value_dB/output/seasonal_anomaly
