Building 10m day/DX table (92 dates)...
Total rows in stratified table: 1,182, total spots: 7,194,625

--- STEP 2: Pooled reproduction of original finding ---

======================================================================
Pooled spot count: SZA bin x SFI bin (all months)
======================================================================
 Low (100-160)  Med (160-200)  High (200-250)  Very High (250+)
          22.0           85.0             NaN               NaN
         704.0         7499.0           878.0               NaN
        4642.0        26745.0          8940.0               NaN
       19622.0        43644.0         24985.0               NaN
       60137.0        53365.0         33770.0               NaN
      101896.0        68044.0         36828.0               NaN
      180300.0       103330.0         35524.0              35.0
      236547.0       130804.0         31267.0            3504.0
      360069.0       144082.0         28792.0           18224.0
      447831.0       154270.0         35184.0           25113.0
      444271.0       272558.0        109151.0           24805.0
      396270.0       489677.0        170123.0           21492.0
      360487.0       518760.0        168577.0           19199.0
      277768.0       427082.0        148345.0           14506.0
      173158.0       309825.0        137264.0            8037.0
       56594.0       122913.0         54620.0            2418.0
       10967.0        21554.0          7178.0             344.0

--- STEP 3: Month-stratified ---

======================================================================
Low-SZA (<=20 deg) x High/VeryHigh-SFI spot counts by month (qualification check, threshold=200)
======================================================================
  month  low_sza_high_sfi_spots
2023-07                    3474
2024-05                   31329

Qualifying months (>=200 low-SZA high/very-high-SFI spots): ['2023-07', '2024-05']

--- STEP 4: Reverse check ---

======================================================================
REVERSE CHECK: low-SZA (<=20 deg) spot count by month x SFI bin
======================================================================
  month  Low (100-160)  Med (160-200)  High (200-250)  Very High (250+)
2023-04         9771.0          503.0             NaN               NaN
2023-05        10336.0         6290.0             NaN               NaN
2023-06         3281.0        43418.0             NaN               NaN
2023-07            NaN        27762.0          3474.0               NaN
2023-08         1602.0            NaN             NaN               NaN
2024-05            NaN            NaN         31329.0               NaN

Done. Plots and tables written to /Users/tgilton/high_value_dB/output/sza_paradox
