======================================================================
(a) MIN-MAX vs MEAN, all-SZA summary per month
======================================================================
  month   snr_wavg         n season
2023-06 -21.889021   22734.0 summer
2023-07 -19.728268   28760.0 summer
2023-09 -17.655226  463190.0 autumn
2023-05 -17.616670  101294.0 spring
2023-03 -17.408715  909104.0 spring
2023-04 -17.389334  515452.0 spring
2023-08 -17.218633  130282.0 summer
2023-12 -17.180609  775683.0 winter
2023-10 -17.025678 1063084.0 autumn
2023-02 -16.748481 1163985.0 winter
2023-01 -16.724363  890093.0 winter
2023-11 -16.413229  960860.0 autumn

Best month:  2023-11 (autumn) = -16.4 dB, n=960,860
Worst month: 2023-06 (summer) = -21.9 dB, n=22,734
Min-max gap (all-SZA): 5.5 dB

======================================================================
(b) Per-month summary AT EACH SZA BIN - find where separation is widest
======================================================================
 sza_bin   spread  n_months   total_n
      10 5.479138         3     918.0
      15 4.956557         4    7817.0
      20 6.968234         5   25688.0
      25 8.698029         7   72803.0
      30 5.900681         7  119742.0
      35 5.428209         9  225437.0
      40 6.927818         9  345894.0
      45 6.678022        11  491379.0
      50 6.606062        12  652753.0
      55 6.193454        12  804641.0
      60 5.911590        12 1150062.0
      65 6.233458        12 1185899.0
      70 5.385538        12  973836.0
      75 7.285618        12  756726.0
      80 8.454633        12  188093.0
      85 7.022388        12   22833.0

Widest month-to-month spread is at sza_bin=25

======================================================================
(c) At sza_bin=25: best-vs-worst AND winter/autumn-vs-summer
======================================================================
  month  sza_bin   snr_wavg       n season
2023-06       25 -21.698029  2232.0 summer
2023-07       25 -19.347307  2934.0 summer
2023-03       25 -19.000000   350.0 spring
2023-05       25 -18.245614 10716.0 spring
2023-08       25 -16.918117 11553.0 summer
2023-04       25 -16.452101 44959.0 spring
2023-09       25 -13.000000    59.0 autumn

Best at this slice:  2023-09 (autumn) = -13.0 dB, n=59
Worst at this slice: 2023-06 (summer) = -21.7 dB, n=2,232
Min-max gap at sza_bin=25: 8.7 dB

Winter+autumn mean at sza_bin=25: -13.0 dB (n=59)
Summer mean at sza_bin=25:        -18.0 dB (n=16,719)
Group-mean gap at sza_bin=25: 5.0 dB

--- explicit check at sza_bin=80 (visual read of Figure 7) ---
  month  sza_bin   snr_wavg       n season
2023-06       80 -19.202516   795.0 summer
2023-12       80 -17.113563 64211.0 winter
2023-11       80 -16.089933 40619.0 autumn
2023-01       80 -15.802783 47567.0 winter
2023-03       80 -15.656997  3930.0 spring
2023-10       80 -15.522147 12372.0 autumn
2023-05       80 -15.228132  1429.0 spring
2023-02       80 -14.623708  9676.0 winter
2023-07       80 -13.907010   699.0 summer
2023-04       80 -13.640784  2653.0 spring
2023-09       80 -13.200000  2135.0 autumn
2023-08       80 -10.747882  2007.0 summer
Min-max gap at sza_bin=80: 8.5 dB
